
> f-onebyone@0.1.0 build
> next build

▲ Next.js 16.2.1 (Turbopack)
- Environments: .env.local, .env

  Creating an optimized production build ...

> Build error occurred
Error: Turbopack build failed with 2 errors:
./src/app/globals.css:3:1
Module not found: Can't resolve 'shadcn/tailwind.css'
  [90m1 |[0m @[36mimport[0m [32m"tailwindcss"[0m;
  [90m2 |[0m @[36mimport[0m [32m"tw-animate-css"[0m;
[31m[1m>[0m [90m3 |[0m @[36mimport[0m [32m"shadcn/tailwind.css"[0m;
  [90m  |[0m [31m[1m^[0m
  [90m4 |[0m
  [90m5 |[0m @custom-variant dark (&:is(.dark *));
  [90m6 |[0m



Import trace:
  Client Component Browser:
    ./src/app/globals.css [Client Component Browser]
    ./src/app/layout.tsx [Server Component]

https://nextjs.org/docs/messages/module-not-found


./src/app/globals.css:2:1
Module not found: Can't resolve 'tw-animate-css'
  [90m1 |[0m @[36mimport[0m [32m"tailwindcss"[0m;
[31m[1m>[0m [90m2 |[0m @[36mimport[0m [32m"tw-animate-css"[0m;
  [90m  |[0m [31m[1m^[0m
  [90m3 |[0m @[36mimport[0m [32m"shadcn/tailwind.css"[0m;
  [90m4 |[0m
  [90m5 |[0m @custom-variant dark (&:is(.dark *));



Import trace:
  Client Component Browser:
    ./src/app/globals.css [Client Component Browser]
    ./src/app/layout.tsx [Server Component]

https://nextjs.org/docs/messages/module-not-found


    at <unknown> (./src/app/globals.css:3:1)
    at <unknown> (https://nextjs.org/docs/messages/module-not-found)
    at <unknown> (./src/app/globals.css:2:1)
    at <unknown> (https://nextjs.org/docs/messages/module-not-found)
